../src/bluetooth/ble_audio_services.c:62:17:vcs_vol_conversion	0	static
../src/bluetooth/ble_audio_services.c:121:13:vcs_flags_cb_handler	56	dynamic,bounded
../src/bluetooth/ble_audio_services.c:210:13:mcc_read_media_state_cb	56	dynamic,bounded
../src/bluetooth/ble_audio_services.c:194:13:mcc_cmd_notification_cb	72	dynamic,bounded
../src/bluetooth/ble_audio_services.c:178:13:mcc_send_command_cb	72	dynamic,bounded
../src/bluetooth/ble_audio_services.c:73:13:vcs_state_cb_handler	224	dynamic,bounded
../src/bluetooth/ble_audio_services.c:293:5:ble_vcs_vol_set	8	static
../src/bluetooth/ble_audio_services.c:317:5:ble_vcs_volume_up	8	static
../src/bluetooth/ble_audio_services.c:342:5:ble_vcs_volume_down	8	static
../src/bluetooth/ble_audio_services.c:367:5:ble_vcs_volume_mute	8	static
../src/bluetooth/ble_audio_services.c:391:5:ble_vcs_volume_unmute	8	static
../src/bluetooth/ble_audio_services.c:429:5:ble_mcs_discover	8	static
../src/bluetooth/ble_audio_services.c:439:5:ble_mcs_state_update	8	static
../src/bluetooth/ble_audio_services.c:155:13:mcc_discover_mcs_cb	96	dynamic,bounded
../src/bluetooth/ble_audio_services.c:449:5:ble_mcs_play_pause	104	dynamic,bounded
../src/bluetooth/ble_audio_services.c:491:5:ble_vcs_server_init	16	static
../src/bluetooth/ble_audio_services.c:512:5:ble_mcs_client_init	8	static
../src/bluetooth/ble_audio_services.c:529:5:ble_mcs_server_init	40	static
../src/bluetooth/ble_audio_services.c:561:5:ble_mcs_next_track	8	static
../src/bluetooth/ble_audio_services.c:574:5:ble_mcs_prev_track	8	static
